{
  "isValid": true,
  "error": "",
  "format": "QRCode",
  "bytes": "65a30ce",
  "bytesECI": "a351329",
  "text": "UI office hours signup<CR><LF>http://www.corp.google.com/sparrow/ui_office_hours/ <CR><LF>",
  "ecLevel": "Q",
  "contentType": "Text",
  "hasECI": false,
  "position": {
    "topLeft": {
      "x": 168,
      "y": 217
    },
    "topRight": {
      "x": 36,
      "y": 181
    },
    "bottomRight": {
      "x": 62,
      "y": 25
    },
    "bottomLeft": {
      "x": 198,
      "y": 28
    }
  },
  "orientation": -172,
  "isMirrored": false,
  "isInverted": false,
  "symbologyIdentifier": "]Q1",
  "sequenceSize": -1,
  "sequenceIndex": -1,
  "sequenceId": "",
  "readerInit": false,
  "lineCount": 0,
  "version": "7",
  "symbol": {
    "data": "a5881e0",
    "width": 45,
    "height": 45
  },
  "extra": "{\"DataMask\":3,\"Version\":\"7\"}",
  "eccLevel": "Q"
}
