{
  "isValid": true,
  "error": "",
  "format": "PDF417",
  "bytes": "974af0b",
  "bytesECI": "4fdde74",
  "text": "A larger PDF417 barcode with text and error correction level 4.",
  "ecLevel": "46%",
  "contentType": "Text",
  "hasECI": false,
  "position": {
    "topLeft": {
      "x": 227,
      "y": 68
    },
    "topRight": {
      "x": 226,
      "y": 478
    },
    "bottomRight": {
      "x": 71,
      "y": 480
    },
    "bottomLeft": {
      "x": 69,
      "y": 68
    }
  },
  "orientation": 90,
  "isMirrored": false,
  "isInverted": false,
  "symbologyIdentifier": "]L2",
  "sequenceSize": -1,
  "sequenceIndex": -1,
  "sequenceId": "",
  "readerInit": false,
  "lineCount": 0,
  "version": "",
  "eccLevel": "46%"
}
