{
  "isValid": true,
  "error": "",
  "format": "DataMatrix",
  "bytes": "544394f",
  "bytesECI": "10bf2ef",
  "text": "abcdefghijklmnopqrstuvwxyzabcdefghijklmnopqrstuvwxyzabcdefghijklmnopqrstuvwxyzabcdefghijklmnopqrstuvwxyzab",
  "ecLevel": "",
  "contentType": "Text",
  "hasECI": false,
  "position": {
    "topLeft": {
      "x": 2,
      "y": 98
    },
    "topRight": {
      "x": 2,
      "y": 2
    },
    "bottomRight": {
      "x": 46,
      "y": 2
    },
    "bottomLeft": {
      "x": 46,
      "y": 98
    }
  },
  "orientation": -90,
  "isMirrored": false,
  "isInverted": false,
  "symbologyIdentifier": "]d7",
  "sequenceSize": -1,
  "sequenceIndex": -1,
  "sequenceId": "",
  "readerInit": false,
  "lineCount": 0,
  "version": "43",
  "eccLevel": ""
}
