{
  "isValid": true,
  "error": "",
  "format": "Aztec",
  "bytes": "8517347",
  "bytesECI": "fdd1fa3",
  "text": "http://code.google.com/p/zxing/source/browse/trunk/android/src/com/google/zxing/client/android/result/URIResultHandler.java",
  "ecLevel": "19%",
  "contentType": "Text",
  "hasECI": false,
  "position": {
    "topLeft": {
      "x": 251,
      "y": 409
    },
    "topRight": {
      "x": 39,
      "y": 296
    },
    "bottomRight": {
      "x": 100,
      "y": 61
    },
    "bottomLeft": {
      "x": 335,
      "y": 145
    }
  },
  "orientation": -156,
  "isMirrored": false,
  "isInverted": false,
  "symbologyIdentifier": "]z0",
  "sequenceSize": -1,
  "sequenceIndex": -1,
  "sequenceId": "",
  "readerInit": false,
  "lineCount": 0,
  "version": "5",
  "symbol": {
    "data": "cdfb121",
    "width": 37,
    "height": 37
  },
  "eccLevel": "19%"
}
