{
  "isValid": true,
  "error": "",
  "format": "Code128",
  "bytes": "89145c9",
  "bytesECI": "22c4ab8",
  "text": "FW727",
  "ecLevel": "",
  "contentType": "Text",
  "hasECI": false,
  "position": {
    "topLeft": {
      "x": 163,
      "y": 239
    },
    "topRight": {
      "x": 416,
      "y": 239
    },
    "bottomRight": {
      "x": 416,
      "y": 241
    },
    "bottomLeft": {
      "x": 163,
      "y": 241
    }
  },
  "orientation": 0,
  "isMirrored": false,
  "isInverted": false,
  "symbologyIdentifier": "]C0",
  "sequenceSize": -1,
  "sequenceIndex": -1,
  "sequenceId": "",
  "readerInit": true,
  "lineCount": 2,
  "version": "",
  "symbol": {
    "data": "e3b0c44",
    "width": 0,
    "height": 0
  },
  "extra": "",
  "eccLevel": ""
}
