{
  "isValid": true,
  "error": "",
  "format": "QRCode",
  "bytes": "ad7126e",
  "bytesECI": "b7a72ff",
  "text": "http://google.com/gwt/n?u=bluenile.com",
  "ecLevel": "L",
  "contentType": "Text",
  "hasECI": false,
  "position": {
    "topLeft": {
      "x": 224,
      "y": 157
    },
    "topRight": {
      "x": 390,
      "y": 161
    },
    "bottomRight": {
      "x": 391,
      "y": 316
    },
    "bottomLeft": {
      "x": 218,
      "y": 316
    }
  },
  "orientation": 1,
  "isMirrored": false,
  "isInverted": false,
  "symbologyIdentifier": "]Q1",
  "sequenceSize": -1,
  "sequenceIndex": -1,
  "sequenceId": "",
  "readerInit": false,
  "lineCount": 0,
  "version": "3",
  "eccLevel": "L"
}
