{
  "isValid": true,
  "error": "",
  "format": "DataBarExpanded",
  "bytes": "f65f5ad",
  "bytesECI": "cff160b",
  "text": "01988987654321063103001750",
  "eccLevel": "",
  "contentType": "GS1",
  "hasECI": false,
  "position": {
    "topLeft": {
      "x": 679,
      "y": 574
    },
    "topRight": {
      "x": 78,
      "y": 574
    },
    "bottomRight": {
      "x": 78,
      "y": 575
    },
    "bottomLeft": {
      "x": 679,
      "y": 575
    }
  },
  "orientation": 180,
  "isMirrored": false,
  "isInverted": false,
  "symbologyIdentifier": "]e0",
  "sequenceSize": -1,
  "sequenceIndex": -1,
  "sequenceId": "",
  "readerInit": false,
  "lineCount": 2,
  "version": ""
}
