{
  "isValid": true,
  "error": "",
  "format": "Code128",
  "bytes": "8300072",
  "bytesECI": "bf6fe91",
  "text": "005-3354174500018",
  "eccLevel": "",
  "contentType": "Text",
  "hasECI": false,
  "position": {
    "topLeft": {
      "x": 568,
      "y": 240
    },
    "topRight": {
      "x": 28,
      "y": 240
    },
    "bottomRight": {
      "x": 28,
      "y": 242
    },
    "bottomLeft": {
      "x": 568,
      "y": 242
    }
  },
  "orientation": 180,
  "isMirrored": false,
  "isInverted": false,
  "symbologyIdentifier": "]C0",
  "sequenceSize": -1,
  "sequenceIndex": -1,
  "sequenceId": "",
  "readerInit": false,
  "lineCount": 2,
  "version": ""
}
