{
  "isValid": true,
  "error": "",
  "format": "QRCode",
  "bytes": "a57e971",
  "bytesECI": "1c3ebda",
  "text": "<ﾃﾞｻﾞｲﾝQR> <CR><LF>ｲﾗｽﾄ入りｶﾗｰQRｺｰﾄﾞ<CR><LF>http://d-qr.net/ex/ ",
  "eccLevel": "Q",
  "contentType": "Text",
  "hasECI": false,
  "position": {
    "topLeft": {
      "x": 99,
      "y": 10
    },
    "topRight": {
      "x": 99,
      "y": 101
    },
    "bottomRight": {
      "x": 8,
      "y": 101
    },
    "bottomLeft": {
      "x": 8,
      "y": 9
    }
  },
  "orientation": 90,
  "isMirrored": false,
  "isInverted": false,
  "symbologyIdentifier": "]Q1",
  "sequenceSize": -1,
  "sequenceIndex": -1,
  "sequenceId": "",
  "readerInit": false,
  "lineCount": 0,
  "version": "5"
}
