{
  "isValid": true,
  "error": "",
  "format": "EAN-13",
  "bytes": "42cb9eb",
  "bytesECI": "3c24e64",
  "text": "9781585730575",
  "ecLevel": "",
  "contentType": "Text",
  "hasECI": false,
  "position": {
    "topLeft": {
      "x": 39,
      "y": 119
    },
    "topRight": {
      "x": 221,
      "y": 119
    },
    "bottomRight": {
      "x": 221,
      "y": 120
    },
    "bottomLeft": {
      "x": 39,
      "y": 120
    }
  },
  "orientation": 0,
  "isMirrored": false,
  "isInverted": false,
  "symbologyIdentifier": "]E0",
  "sequenceSize": -1,
  "sequenceIndex": -1,
  "sequenceId": "",
  "readerInit": false,
  "lineCount": 2,
  "version": "",
  "eccLevel": ""
}
