{
  "isValid": true,
  "error": "",
  "format": "MaxiCode",
  "bytes": "ed5dad9",
  "bytesECI": "45a8d9f",
  "text": "",
  "ecLevel": "4",
  "contentType": "UnknownECI",
  "hasECI": true,
  "position": {
    "topLeft": {
      "x": 0,
      "y": 0
    },
    "topRight": {
      "x": 0,
      "y": 0
    },
    "bottomRight": {
      "x": 0,
      "y": 0
    },
    "bottomLeft": {
      "x": 0,
      "y": 0
    }
  },
  "orientation": 0,
  "isMirrored": false,
  "isInverted": false,
  "symbologyIdentifier": "]U0",
  "sequenceSize": -1,
  "sequenceIndex": -1,
  "sequenceId": "",
  "readerInit": false,
  "lineCount": 0,
  "version": "",
  "eccLevel": "4"
}
