{
  "isValid": true,
  "error": "",
  "format": "UPC-A",
  "bytes": "1f14d64",
  "bytesECI": "9c96455",
  "text": "0312547701310",
  "ecLevel": "",
  "contentType": "Text",
  "hasECI": false,
  "position": {
    "topLeft": {
      "x": 93,
      "y": 197
    },
    "topRight": {
      "x": 389,
      "y": 197
    },
    "bottomRight": {
      "x": 389,
      "y": 198
    },
    "bottomLeft": {
      "x": 93,
      "y": 198
    }
  },
  "orientation": 0,
  "isMirrored": false,
  "isInverted": false,
  "symbologyIdentifier": "]E0",
  "sequenceSize": -1,
  "sequenceIndex": -1,
  "sequenceId": "",
  "readerInit": false,
  "lineCount": 2,
  "version": "",
  "eccLevel": ""
}
