{
  "isValid": true,
  "error": "",
  "format": "QRCode",
  "bytes": "b127179",
  "bytesECI": "d91f177",
  "text": "*ﾃﾞｻﾞｲﾝQR*     <CR><LF>http://d-qr.net/ex/       ",
  "ecLevel": "H",
  "contentType": "Text",
  "hasECI": false,
  "position": {
    "topLeft": {
      "x": 202,
      "y": 202
    },
    "topRight": {
      "x": 20,
      "y": 202
    },
    "bottomRight": {
      "x": 20,
      "y": 20
    },
    "bottomLeft": {
      "x": 202,
      "y": 20
    }
  },
  "orientation": 180,
  "isMirrored": false,
  "isInverted": false,
  "symbologyIdentifier": "]Q1",
  "sequenceSize": -1,
  "sequenceIndex": -1,
  "sequenceId": "",
  "readerInit": false,
  "lineCount": 0,
  "version": "6",
  "symbol": {
    "data": "9b373b7",
    "width": 41,
    "height": 41
  },
  "extra": "{\"DataMask\":0,\"Version\":\"6\"}",
  "eccLevel": "H"
}
