{
  "isValid": true,
  "error": "",
  "format": "UPC-E",
  "bytes": "d3d024a",
  "bytesECI": "7270001",
  "text": "04963406",
  "ecLevel": "",
  "contentType": "Text",
  "hasECI": false,
  "position": {
    "topLeft": {
      "x": 52,
      "y": 116
    },
    "topRight": {
      "x": 154,
      "y": 116
    },
    "bottomRight": {
      "x": 154,
      "y": 123
    },
    "bottomLeft": {
      "x": 51,
      "y": 123
    }
  },
  "orientation": 0,
  "isMirrored": false,
  "isInverted": false,
  "symbologyIdentifier": "]E0",
  "sequenceSize": -1,
  "sequenceIndex": -1,
  "sequenceId": "",
  "readerInit": false,
  "lineCount": 2,
  "version": "",
  "eccLevel": ""
}
