{
  "isValid": true,
  "error": "",
  "format": "DataMatrix",
  "bytes": "49d3d0f",
  "bytesECI": "5dd309f",
  "text": "3453453453555453",
  "ecLevel": "",
  "contentType": "Text",
  "hasECI": false,
  "position": {
    "topLeft": {
      "x": 77,
      "y": 150
    },
    "topRight": {
      "x": 73,
      "y": 95
    },
    "bottomRight": {
      "x": 124,
      "y": 92
    },
    "bottomLeft": {
      "x": 128,
      "y": 147
    }
  },
  "orientation": -94,
  "isMirrored": false,
  "isInverted": false,
  "symbologyIdentifier": "]d1",
  "sequenceSize": -1,
  "sequenceIndex": -1,
  "sequenceId": "",
  "readerInit": false,
  "lineCount": 0,
  "version": "6",
  "eccLevel": ""
}
