{
  "isValid": true,
  "error": "",
  "format": "QRCode",
  "bytes": "2a04fa8",
  "bytesECI": "d17923a",
  "text": "[外側QRコード]<CR><LF> <CR><LF>*ﾀﾞﾌﾞﾙQR*<CR><LF>http://d-qr.net/ex/",
  "ecLevel": "H",
  "contentType": "Text",
  "hasECI": false,
  "position": {
    "topLeft": {
      "x": 21,
      "y": 21
    },
    "topRight": {
      "x": 235,
      "y": 21
    },
    "bottomRight": {
      "x": 235,
      "y": 236
    },
    "bottomLeft": {
      "x": 21,
      "y": 236
    }
  },
  "orientation": 0,
  "isMirrored": false,
  "isInverted": false,
  "symbologyIdentifier": "]Q1",
  "sequenceSize": -1,
  "sequenceIndex": -1,
  "sequenceId": "",
  "readerInit": false,
  "lineCount": 0,
  "version": "6",
  "eccLevel": "H"
}
