{
  "isValid": true,
  "error": "",
  "format": "DataBarExpanded",
  "bytes": "37d3067",
  "bytesECI": "f3e00bf",
  "text": "101ABCDEF;:/1234567",
  "ecLevel": "",
  "contentType": "GS1",
  "hasECI": false,
  "position": {
    "topLeft": {
      "x": 557,
      "y": 59
    },
    "topRight": {
      "x": 4,
      "y": 59
    },
    "bottomRight": {
      "x": 4,
      "y": 61
    },
    "bottomLeft": {
      "x": 557,
      "y": 61
    }
  },
  "orientation": 180,
  "isMirrored": false,
  "isInverted": false,
  "symbologyIdentifier": "]e0",
  "sequenceSize": -1,
  "sequenceIndex": -1,
  "sequenceId": "",
  "readerInit": false,
  "lineCount": 2,
  "version": "",
  "symbol": {
    "data": "e3b0c44",
    "width": 0,
    "height": 0
  },
  "eccLevel": ""
}
