{
  "isValid": true,
  "error": "",
  "format": "UPC-A",
  "bytes": "7fc4371",
  "bytesECI": "cd51799",
  "text": "0854818000116",
  "ecLevel": "",
  "contentType": "Text",
  "hasECI": false,
  "position": {
    "topLeft": {
      "x": 210,
      "y": 119
    },
    "topRight": {
      "x": 31,
      "y": 119
    },
    "bottomRight": {
      "x": 29,
      "y": 121
    },
    "bottomLeft": {
      "x": 210,
      "y": 121
    }
  },
  "orientation": 180,
  "isMirrored": false,
  "isInverted": false,
  "symbologyIdentifier": "]E0",
  "sequenceSize": -1,
  "sequenceIndex": -1,
  "sequenceId": "",
  "readerInit": false,
  "lineCount": 2,
  "version": "",
  "symbol": {
    "data": "e3b0c44",
    "width": 0,
    "height": 0
  },
  "extra": "",
  "eccLevel": ""
}
