{
  "isValid": true,
  "error": "",
  "format": "DataBarExpanded",
  "bytes": "e118768",
  "bytesECI": "3a23d71",
  "text": "0191234567980129310301223315991231",
  "ecLevel": "",
  "contentType": "GS1",
  "hasECI": false,
  "position": {
    "topLeft": {
      "x": 2,
      "y": 34
    },
    "topRight": {
      "x": 393,
      "y": 34
    },
    "bottomRight": {
      "x": 393,
      "y": 34
    },
    "bottomLeft": {
      "x": 2,
      "y": 34
    }
  },
  "orientation": 0,
  "isMirrored": false,
  "isInverted": false,
  "symbologyIdentifier": "]e0",
  "sequenceSize": -1,
  "sequenceIndex": -1,
  "sequenceId": "",
  "readerInit": false,
  "lineCount": 1,
  "version": "",
  "symbol": {
    "data": "e3b0c44",
    "width": 0,
    "height": 0
  },
  "eccLevel": ""
}
