{
  "isValid": true,
  "error": "",
  "format": "EAN-13",
  "bytes": "6fb7d74",
  "bytesECI": "39a41c6",
  "text": "8480010045062",
  "ecLevel": "",
  "contentType": "Text",
  "hasECI": false,
  "position": {
    "topLeft": {
      "x": 476,
      "y": 285
    },
    "topRight": {
      "x": 154,
      "y": 285
    },
    "bottomRight": {
      "x": 154,
      "y": 286
    },
    "bottomLeft": {
      "x": 476,
      "y": 286
    }
  },
  "orientation": 180,
  "isMirrored": false,
  "isInverted": false,
  "symbologyIdentifier": "]E0",
  "sequenceSize": -1,
  "sequenceIndex": -1,
  "sequenceId": "",
  "readerInit": false,
  "lineCount": 2,
  "version": "",
  "symbol": {
    "data": "e3b0c44",
    "width": 0,
    "height": 0
  },
  "eccLevel": ""
}
