{
  "isValid": true,
  "error": "",
  "format": "DataBarExpanded",
  "bytes": "d3e34e0",
  "bytesECI": "99e7317",
  "text": "011234567890123110PIRAMIDE-PROJECT",
  "ecLevel": "",
  "contentType": "GS1",
  "hasECI": false,
  "position": {
    "topLeft": {
      "x": 199,
      "y": 222
    },
    "topRight": {
      "x": 102,
      "y": 222
    },
    "bottomRight": {
      "x": 100,
      "y": 67
    },
    "bottomLeft": {
      "x": 197,
      "y": 67
    }
  },
  "orientation": 180,
  "isMirrored": false,
  "isInverted": false,
  "symbologyIdentifier": "]e0",
  "sequenceSize": -1,
  "sequenceIndex": -1,
  "sequenceId": "",
  "readerInit": false,
  "lineCount": 2,
  "version": "",
  "symbol": {
    "data": "e3b0c44",
    "width": 0,
    "height": 0
  },
  "extra": "",
  "eccLevel": ""
}
