{
  "isValid": true,
  "error": "",
  "format": "UPC-A",
  "bytes": "1937520",
  "bytesECI": "f218379",
  "text": "057961000228",
  "ecLevel": "",
  "contentType": "Text",
  "hasECI": false,
  "position": {
    "topLeft": {
      "x": 238,
      "y": 184
    },
    "topRight": {
      "x": 467,
      "y": 184
    },
    "bottomRight": {
      "x": 466,
      "y": 245
    },
    "bottomLeft": {
      "x": 238,
      "y": 245
    }
  },
  "orientation": 0,
  "isMirrored": false,
  "isInverted": false,
  "symbologyIdentifier": "]E0",
  "sequenceSize": -1,
  "sequenceIndex": -1,
  "sequenceId": "",
  "readerInit": false,
  "lineCount": 2,
  "version": "",
  "eccLevel": ""
}
