{
  "isValid": true,
  "error": "",
  "format": "MicroQRCode",
  "bytes": "97a0730",
  "bytesECI": "3f8d0b9",
  "text": "Loser",
  "ecLevel": "Q",
  "contentType": "Text",
  "hasECI": false,
  "position": {
    "topLeft": {
      "x": 391,
      "y": 411
    },
    "topRight": {
      "x": 388,
      "y": 320
    },
    "bottomRight": {
      "x": 480,
      "y": 316
    },
    "bottomLeft": {
      "x": 485,
      "y": 408
    }
  },
  "orientation": -93,
  "isMirrored": false,
  "isInverted": false,
  "symbologyIdentifier": "]Q1",
  "sequenceSize": -1,
  "sequenceIndex": -1,
  "sequenceId": "",
  "readerInit": false,
  "lineCount": 0,
  "version": "4",
  "symbol": {
    "data": "9488093",
    "width": 17,
    "height": 17
  },
  "extra": "{\"DataMask\":0,\"Version\":\"M4\"}",
  "eccLevel": "Q"
}
