{
  "isValid": true,
  "error": "",
  "format": "DataBarExpanded",
  "bytes": "1c8e721",
  "bytesECI": "cff58c6",
  "text": "10123456A123",
  "ecLevel": "",
  "contentType": "GS1",
  "hasECI": false,
  "position": {
    "topLeft": {
      "x": 2,
      "y": 67
    },
    "topRight": {
      "x": 99,
      "y": 67
    },
    "bottomRight": {
      "x": 101,
      "y": 75
    },
    "bottomLeft": {
      "x": 4,
      "y": 75
    }
  },
  "orientation": 0,
  "isMirrored": false,
  "isInverted": false,
  "symbologyIdentifier": "]e0",
  "sequenceSize": -1,
  "sequenceIndex": -1,
  "sequenceId": "",
  "readerInit": false,
  "lineCount": 2,
  "version": "",
  "symbol": {
    "data": "e3b0c44",
    "width": 0,
    "height": 0
  },
  "eccLevel": ""
}
