{
  "isValid": true,
  "error": "",
  "format": "EAN-13",
  "bytes": "a440469",
  "bytesECI": "c90e282",
  "text": "9780596008574",
  "eccLevel": "",
  "contentType": "Text",
  "hasECI": false,
  "position": {
    "topLeft": {
      "x": 206,
      "y": 141
    },
    "topRight": {
      "x": 10,
      "y": 141
    },
    "bottomRight": {
      "x": 10,
      "y": 143
    },
    "bottomLeft": {
      "x": 205,
      "y": 143
    }
  },
  "orientation": 180,
  "isMirrored": false,
  "isInverted": false,
  "symbologyIdentifier": "]E0",
  "sequenceSize": -1,
  "sequenceIndex": -1,
  "sequenceId": "",
  "readerInit": false,
  "lineCount": 2,
  "version": ""
}
