{
  "isValid": true,
  "error": "",
  "format": "PDF417",
  "bytes": "1f804ad",
  "bytesECI": "f281d47",
  "text": "A larger PDF417 barcode with text and error correction level 8.",
  "ecLevel": "93%",
  "contentType": "Text",
  "hasECI": false,
  "position": {
    "topLeft": {
      "x": 78,
      "y": 1049
    },
    "topRight": {
      "x": 82,
      "y": 83
    },
    "bottomRight": {
      "x": 521,
      "y": 77
    },
    "bottomLeft": {
      "x": 530,
      "y": 1051
    }
  },
  "orientation": -90,
  "isMirrored": false,
  "isInverted": false,
  "symbologyIdentifier": "]L2",
  "sequenceSize": -1,
  "sequenceIndex": -1,
  "sequenceId": "",
  "readerInit": false,
  "lineCount": 0,
  "version": "",
  "symbol": {
    "data": "e3b0c44",
    "width": 0,
    "height": 0
  },
  "extra": "{\"Sender\":\"\",\"Addresse\":\"\",\"FileId\":\"\",\"FileName\":\"\"}",
  "eccLevel": "93%"
}
