{
  "isValid": true,
  "error": "",
  "format": "DataBarExpanded",
  "bytes": "a33ea4d",
  "bytesECI": "85d6c6e",
  "text": "01900123456789083922795888888888888888888888888888888888888888888888888888",
  "ecLevel": "",
  "contentType": "GS1",
  "hasECI": false,
  "position": {
    "topLeft": {
      "x": 4,
      "y": 59
    },
    "topRight": {
      "x": 1047,
      "y": 59
    },
    "bottomRight": {
      "x": 1047,
      "y": 59
    },
    "bottomLeft": {
      "x": 4,
      "y": 59
    }
  },
  "orientation": 0,
  "isMirrored": false,
  "isInverted": false,
  "symbologyIdentifier": "]e0",
  "sequenceSize": -1,
  "sequenceIndex": -1,
  "sequenceId": "",
  "readerInit": false,
  "lineCount": 1,
  "version": "",
  "symbol": {
    "data": "e3b0c44",
    "width": 0,
    "height": 0
  },
  "eccLevel": ""
}
