{
  "isValid": true,
  "error": "",
  "format": "EAN-13",
  "bytes": "4e1ed42",
  "bytesECI": "70dcb8c",
  "text": "9780441014989",
  "eccLevel": "",
  "contentType": "Text",
  "hasECI": false,
  "position": {
    "topLeft": {
      "x": 57,
      "y": 66
    },
    "topRight": {
      "x": 214,
      "y": 66
    },
    "bottomRight": {
      "x": 212,
      "y": 96
    },
    "bottomLeft": {
      "x": 56,
      "y": 96
    }
  },
  "orientation": 0,
  "isMirrored": false,
  "isInverted": false,
  "symbologyIdentifier": "]E0",
  "sequenceSize": -1,
  "sequenceIndex": -1,
  "sequenceId": "",
  "readerInit": false,
  "lineCount": 2,
  "version": ""
}
