{
  "isValid": true,
  "error": "",
  "format": "QRCode",
  "bytes": "43e2286",
  "bytesECI": "08faedc",
  "text": "Google Print Ads - T.G.I.A.F. - January 31, 2008",
  "ecLevel": "L",
  "contentType": "Text",
  "hasECI": false,
  "position": {
    "topLeft": {
      "x": 211,
      "y": 198
    },
    "topRight": {
      "x": 62,
      "y": 206
    },
    "bottomRight": {
      "x": 58,
      "y": 59
    },
    "bottomLeft": {
      "x": 204,
      "y": 52
    }
  },
  "orientation": 177,
  "isMirrored": false,
  "isInverted": false,
  "symbologyIdentifier": "]Q1",
  "sequenceSize": -1,
  "sequenceIndex": -1,
  "sequenceId": "",
  "readerInit": false,
  "lineCount": 0,
  "version": "3",
  "symbol": {
    "data": "bf185fb",
    "width": 29,
    "height": 29
  },
  "eccLevel": "L"
}
