{
  "isValid": true,
  "error": "",
  "format": "UPC-A",
  "bytes": "e82db37",
  "bytesECI": "1a9a254",
  "text": "0051000000675",
  "ecLevel": "",
  "contentType": "Text",
  "hasECI": false,
  "position": {
    "topLeft": {
      "x": 51,
      "y": 155
    },
    "topRight": {
      "x": 189,
      "y": 155
    },
    "bottomRight": {
      "x": 189,
      "y": 156
    },
    "bottomLeft": {
      "x": 51,
      "y": 156
    }
  },
  "orientation": 0,
  "isMirrored": false,
  "isInverted": false,
  "symbologyIdentifier": "]E0",
  "sequenceSize": -1,
  "sequenceIndex": -1,
  "sequenceId": "",
  "readerInit": false,
  "lineCount": 2,
  "version": "",
  "symbol": {
    "data": "e3b0c44",
    "width": 0,
    "height": 0
  },
  "extra": "",
  "eccLevel": ""
}
