{
  "isValid": true,
  "error": "",
  "format": "Aztec",
  "bytes": "5e18d34",
  "bytesECI": "bdcca42",
  "text": "064",
  "ecLevel": "",
  "contentType": "Text",
  "hasECI": false,
  "position": {
    "topLeft": {
      "x": 110,
      "y": 0
    },
    "topRight": {
      "x": 110,
      "y": 110
    },
    "bottomRight": {
      "x": 0,
      "y": 110
    },
    "bottomLeft": {
      "x": 0,
      "y": 0
    }
  },
  "orientation": 90,
  "isMirrored": false,
  "isInverted": false,
  "symbologyIdentifier": "]zC",
  "sequenceSize": -1,
  "sequenceIndex": -1,
  "sequenceId": "",
  "readerInit": false,
  "lineCount": 0,
  "version": "",
  "symbol": {
    "data": "d9cf198",
    "width": 11,
    "height": 11
  },
  "extra": "",
  "eccLevel": ""
}
