{
  "isValid": true,
  "error": "",
  "format": "QRCode",
  "bytes": "65a30ce",
  "bytesECI": "f4ac7b3",
  "text": "UI office hours signup<CR><LF>http://www.corp.google.com/sparrow/ui_office_hours/ <CR><LF>",
  "ecLevel": "Q",
  "contentType": "Text",
  "hasECI": false,
  "position": {
    "topLeft": {
      "x": 208,
      "y": 192
    },
    "topRight": {
      "x": 48,
      "y": 187
    },
    "bottomRight": {
      "x": 64,
      "y": 45
    },
    "bottomLeft": {
      "x": 209,
      "y": 43
    }
  },
  "orientation": -179,
  "isMirrored": false,
  "isInverted": false,
  "symbologyIdentifier": "]Q1",
  "sequenceSize": -1,
  "sequenceIndex": -1,
  "sequenceId": "",
  "readerInit": false,
  "lineCount": 0,
  "version": "7",
  "symbol": {
    "data": "1da472c",
    "width": 45,
    "height": 45
  },
  "eccLevel": "Q"
}
