{
  "isValid": true,
  "error": "",
  "format": "EAN-13",
  "bytes": "4823268",
  "bytesECI": "1d2d208",
  "text": "9780201310054",
  "ecLevel": "",
  "contentType": "Text",
  "hasECI": false,
  "position": {
    "topLeft": {
      "x": 196,
      "y": 120
    },
    "topRight": {
      "x": 23,
      "y": 120
    },
    "bottomRight": {
      "x": 23,
      "y": 119
    },
    "bottomLeft": {
      "x": 197,
      "y": 119
    }
  },
  "orientation": 180,
  "isMirrored": false,
  "isInverted": false,
  "symbologyIdentifier": "]E0",
  "sequenceSize": -1,
  "sequenceIndex": -1,
  "sequenceId": "",
  "readerInit": false,
  "lineCount": 2,
  "version": "",
  "eccLevel": ""
}
