{
  "isValid": true,
  "error": "",
  "format": "QRCode",
  "bytes": "61c45c1",
  "bytesECI": "26cea35",
  "text": "QR Code Model 1 ",
  "ecLevel": "M",
  "contentType": "Text",
  "hasECI": false,
  "position": {
    "topLeft": {
      "x": 8,
      "y": 8
    },
    "topRight": {
      "x": 58,
      "y": 8
    },
    "bottomRight": {
      "x": 58,
      "y": 58
    },
    "bottomLeft": {
      "x": 8,
      "y": 58
    }
  },
  "orientation": 0,
  "isMirrored": false,
  "isInverted": false,
  "symbologyIdentifier": "]Q0",
  "sequenceSize": -1,
  "sequenceIndex": -1,
  "sequenceId": "",
  "readerInit": false,
  "lineCount": 0,
  "version": "2",
  "symbol": {
    "data": "d750163",
    "width": 25,
    "height": 25
  },
  "eccLevel": "M"
}
